// Jest Snapshot v1, https://goo.gl/fbAQLP

exports[`Should return a List element 1`] = `
<View
  style={Object {}}
>
  <View
    style={Object {}}
  >
    <Text>
      You scored
    </Text>
    <Text>
      3
       / 10
    </Text>
  </View>
  <View
    style={Object {}}
  >
    <View
      style={Object {}}
    >
      <Text>
        +
      </Text>
      <Text>
        Some question 1
      </Text>
    </View>
    <View
      style={Object {}}
    >
      <Text>
        -
      </Text>
      <Text>
        Some question 2
      </Text>
    </View>
  </View>
  <View
    style={Object {}}
  >
    <View
      accessible={true}
      isTVSelectable={true}
      onResponderGrant={[Function]}
      onResponderMove={[Function]}
      onResponderRelease={[Function]}
      onResponderTerminate={[Function]}
      onResponderTerminationRequest={[Function]}
      onStartShouldSetResponder={[Function]}
      style={
        Object {
          "alignSelf": "center",
          "backgroundColor": "rgba(255, 255, 255, 1)",
          "borderRadius": 50,
          "flexDirection": "row",
          "justifyContent": "center",
          "opacity": 1,
          "paddingHorizontal": 30,
          "paddingVertical": 15,
          "width": 235,
        }
      }
    >
      <Text
        style={
          Array [
            Object {
              "fontFamily": "Poppins-Regular",
              "fontSize": 18,
              "letterSpacing": 2,
              "textAlign": "center",
            },
            Object {
              "color": "rgba(55,175,255,0.87)",
            },
            undefined,
          ]
        }
      >
        PLAY AGAIN?
      </Text>
    </View>
  </View>
</View>
`;
